{
    "CellRanger atac v1.2.0 - CellBender v0.3": {
        "content": [
            {
                "0": [
                    [
                        {
                            "id": "cellranger-atac"
                        },
                        "/lustre/scratch127/cellgen/cellgeni/aljes/nf-cellbender/.nf-test/tests/78366a0564704150a8cc5c427c6b0b8/work/d2/5e485f40758568e838ad6a805132c4/cellranger-atac"
                    ]
                ],
                "1": [
                    "/lustre/scratch127/cellgen/cellgeni/aljes/nf-cellbender/.nf-test/tests/78366a0564704150a8cc5c427c6b0b8/work/d2/5e485f40758568e838ad6a805132c4/versions.yml"
                ],
                "outputdir": [
                    [
                        {
                            "id": "cellranger-atac"
                        },
                        "/lustre/scratch127/cellgen/cellgeni/aljes/nf-cellbender/.nf-test/tests/78366a0564704150a8cc5c427c6b0b8/work/d2/5e485f40758568e838ad6a805132c4/cellranger-atac"
                    ]
                ],
                "versions": [
                    "/lustre/scratch127/cellgen/cellgeni/aljes/nf-cellbender/.nf-test/tests/78366a0564704150a8cc5c427c6b0b8/work/d2/5e485f40758568e838ad6a805132c4/versions.yml"
                ]
            }
        ],
        "meta": {
            "nf-test": "0.9.2",
            "nextflow": "25.04.4"
        },
        "timestamp": "2025-07-22T13:08:55.847336702"
    },
    "CellRanger atac v1.2.0 - CellBender v0.2": {
        "content": [
            {
                "0": [
                    [
                        {
                            "id": "cellranger-atac"
                        },
                        "/lustre/scratch127/cellgen/cellgeni/aljes/nf-cellbender/.nf-test/tests/e08fb718faa9b42d21cf0c9f9d2fa027/work/37/b13ec29911febdeba5e3a1ba959e71/cellranger-atac"
                    ]
                ],
                "1": [
                    "/lustre/scratch127/cellgen/cellgeni/aljes/nf-cellbender/.nf-test/tests/e08fb718faa9b42d21cf0c9f9d2fa027/work/37/b13ec29911febdeba5e3a1ba959e71/versions.yml"
                ],
                "outputdir": [
                    [
                        {
                            "id": "cellranger-atac"
                        },
                        "/lustre/scratch127/cellgen/cellgeni/aljes/nf-cellbender/.nf-test/tests/e08fb718faa9b42d21cf0c9f9d2fa027/work/37/b13ec29911febdeba5e3a1ba959e71/cellranger-atac"
                    ]
                ],
                "versions": [
                    "/lustre/scratch127/cellgen/cellgeni/aljes/nf-cellbender/.nf-test/tests/e08fb718faa9b42d21cf0c9f9d2fa027/work/37/b13ec29911febdeba5e3a1ba959e71/versions.yml"
                ]
            }
        ],
        "meta": {
            "nf-test": "0.9.2",
            "nextflow": "25.04.4"
        },
        "timestamp": "2025-07-22T13:08:46.85400566"
    },
    "CellRanger count v3.0.0 - .mtx directory input - CellBender v0.3": {
        "content": [
            {
                "0": [
                    [
                        {
                            "id": "cellranger-count"
                        },
                        "/lustre/scratch127/cellgen/cellgeni/aljes/nf-cellbender/.nf-test/tests/a727aeb0c6fc65baea9d119e3937e7b2/work/1a/43329cc8c7b87621fbbeb85f40700f/cellranger-count"
                    ]
                ],
                "1": [
                    "/lustre/scratch127/cellgen/cellgeni/aljes/nf-cellbender/.nf-test/tests/a727aeb0c6fc65baea9d119e3937e7b2/work/1a/43329cc8c7b87621fbbeb85f40700f/versions.yml"
                ],
                "outputdir": [
                    [
                        {
                            "id": "cellranger-count"
                        },
                        "/lustre/scratch127/cellgen/cellgeni/aljes/nf-cellbender/.nf-test/tests/a727aeb0c6fc65baea9d119e3937e7b2/work/1a/43329cc8c7b87621fbbeb85f40700f/cellranger-count"
                    ]
                ],
                "versions": [
                    "/lustre/scratch127/cellgen/cellgeni/aljes/nf-cellbender/.nf-test/tests/a727aeb0c6fc65baea9d119e3937e7b2/work/1a/43329cc8c7b87621fbbeb85f40700f/versions.yml"
                ]
            }
        ],
        "meta": {
            "nf-test": "0.9.2",
            "nextflow": "25.04.4"
        },
        "timestamp": "2025-07-22T13:05:50.043638123"
    },
    "CellRanger count v3.0.0 - use CellRanger's preset for number of cells and droplets - CellBender v0.3": {
        "content": [
            {
                "0": [
                    [
                        {
                            "id": "cellranger-count"
                        },
                        "/lustre/scratch127/cellgen/cellgeni/aljes/nf-cellbender/.nf-test/tests/263bda0cb10ece4abdc0c0bd5f06ce83/work/8c/b08c85747a7a5ada2ce5a5e1436f80/cellranger-count"
                    ]
                ],
                "1": [
                    "/lustre/scratch127/cellgen/cellgeni/aljes/nf-cellbender/.nf-test/tests/263bda0cb10ece4abdc0c0bd5f06ce83/work/8c/b08c85747a7a5ada2ce5a5e1436f80/versions.yml"
                ],
                "outputdir": [
                    [
                        {
                            "id": "cellranger-count"
                        },
                        "/lustre/scratch127/cellgen/cellgeni/aljes/nf-cellbender/.nf-test/tests/263bda0cb10ece4abdc0c0bd5f06ce83/work/8c/b08c85747a7a5ada2ce5a5e1436f80/cellranger-count"
                    ]
                ],
                "versions": [
                    "/lustre/scratch127/cellgen/cellgeni/aljes/nf-cellbender/.nf-test/tests/263bda0cb10ece4abdc0c0bd5f06ce83/work/8c/b08c85747a7a5ada2ce5a5e1436f80/versions.yml"
                ]
            }
        ],
        "meta": {
            "nf-test": "0.9.2",
            "nextflow": "25.04.4"
        },
        "timestamp": "2025-07-22T13:08:06.089547022"
    },
    "CellRanger count v3.0.0 - .mtx directory input - CellBender v0.2": {
        "content": [
            {
                "0": [
                    [
                        {
                            "id": "cellranger-count"
                        },
                        "/lustre/scratch127/cellgen/cellgeni/aljes/nf-cellbender/.nf-test/tests/7e93ff4b6f2d0a97adf7452cf390d5c7/work/27/0f7c811b25eb97e1f671155cba28bf/cellranger-count"
                    ]
                ],
                "1": [
                    "/lustre/scratch127/cellgen/cellgeni/aljes/nf-cellbender/.nf-test/tests/7e93ff4b6f2d0a97adf7452cf390d5c7/work/27/0f7c811b25eb97e1f671155cba28bf/versions.yml"
                ],
                "outputdir": [
                    [
                        {
                            "id": "cellranger-count"
                        },
                        "/lustre/scratch127/cellgen/cellgeni/aljes/nf-cellbender/.nf-test/tests/7e93ff4b6f2d0a97adf7452cf390d5c7/work/27/0f7c811b25eb97e1f671155cba28bf/cellranger-count"
                    ]
                ],
                "versions": [
                    "/lustre/scratch127/cellgen/cellgeni/aljes/nf-cellbender/.nf-test/tests/7e93ff4b6f2d0a97adf7452cf390d5c7/work/27/0f7c811b25eb97e1f671155cba28bf/versions.yml"
                ]
            }
        ],
        "meta": {
            "nf-test": "0.9.2",
            "nextflow": "25.04.4"
        },
        "timestamp": "2025-07-22T13:09:31.320922549"
    },
    "CellRanger count v3.0.0 - CellRanger's preset + mannual preset - CellBender v0.2": {
        "content": [
            {
                "0": [
                    [
                        {
                            "id": "cellranger-count"
                        },
                        "/lustre/scratch127/cellgen/cellgeni/aljes/nf-cellbender/.nf-test/tests/ddbc0f0e2525634603da4ac621a5048c/work/83/372e36da8bd5726b71f01e15263dc0/cellranger-count"
                    ]
                ],
                "1": [
                    "/lustre/scratch127/cellgen/cellgeni/aljes/nf-cellbender/.nf-test/tests/ddbc0f0e2525634603da4ac621a5048c/work/83/372e36da8bd5726b71f01e15263dc0/versions.yml"
                ],
                "outputdir": [
                    [
                        {
                            "id": "cellranger-count"
                        },
                        "/lustre/scratch127/cellgen/cellgeni/aljes/nf-cellbender/.nf-test/tests/ddbc0f0e2525634603da4ac621a5048c/work/83/372e36da8bd5726b71f01e15263dc0/cellranger-count"
                    ]
                ],
                "versions": [
                    "/lustre/scratch127/cellgen/cellgeni/aljes/nf-cellbender/.nf-test/tests/ddbc0f0e2525634603da4ac621a5048c/work/83/372e36da8bd5726b71f01e15263dc0/versions.yml"
                ]
            }
        ],
        "meta": {
            "nf-test": "0.9.2",
            "nextflow": "25.04.4"
        },
        "timestamp": "2025-07-22T13:04:44.26089891"
    },
    "CellRanger count v3.0.0 - .h5 file input - CellBender v0.2": {
        "content": [
            {
                "0": [
                    [
                        {
                            "id": "cellranger-count"
                        },
                        "/lustre/scratch127/cellgen/cellgeni/aljes/nf-cellbender/.nf-test/tests/33aa7ee49ff47af54996ebf9ded8fb97/work/3d/0521943c01bc0c2d914bf886bf701c/cellranger-count"
                    ]
                ],
                "1": [
                    "/lustre/scratch127/cellgen/cellgeni/aljes/nf-cellbender/.nf-test/tests/33aa7ee49ff47af54996ebf9ded8fb97/work/3d/0521943c01bc0c2d914bf886bf701c/versions.yml"
                ],
                "outputdir": [
                    [
                        {
                            "id": "cellranger-count"
                        },
                        "/lustre/scratch127/cellgen/cellgeni/aljes/nf-cellbender/.nf-test/tests/33aa7ee49ff47af54996ebf9ded8fb97/work/3d/0521943c01bc0c2d914bf886bf701c/cellranger-count"
                    ]
                ],
                "versions": [
                    "/lustre/scratch127/cellgen/cellgeni/aljes/nf-cellbender/.nf-test/tests/33aa7ee49ff47af54996ebf9ded8fb97/work/3d/0521943c01bc0c2d914bf886bf701c/versions.yml"
                ]
            }
        ],
        "meta": {
            "nf-test": "0.9.2",
            "nextflow": "25.04.4"
        },
        "timestamp": "2025-07-22T13:03:16.968256211"
    },
    "CellRanger count v3.0.0 - .h5 file input - CellBender v0.3": {
        "content": [
            {
                "0": [
                    [
                        {
                            "id": "cellranger-count"
                        },
                        "/lustre/scratch127/cellgen/cellgeni/aljes/nf-cellbender/.nf-test/tests/e7227ef9abea241adbd93b7913a42950/work/d3/341c06553542059f268391f799ce4c/cellranger-count"
                    ]
                ],
                "1": [
                    "/lustre/scratch127/cellgen/cellgeni/aljes/nf-cellbender/.nf-test/tests/e7227ef9abea241adbd93b7913a42950/work/d3/341c06553542059f268391f799ce4c/versions.yml"
                ],
                "outputdir": [
                    [
                        {
                            "id": "cellranger-count"
                        },
                        "/lustre/scratch127/cellgen/cellgeni/aljes/nf-cellbender/.nf-test/tests/e7227ef9abea241adbd93b7913a42950/work/d3/341c06553542059f268391f799ce4c/cellranger-count"
                    ]
                ],
                "versions": [
                    "/lustre/scratch127/cellgen/cellgeni/aljes/nf-cellbender/.nf-test/tests/e7227ef9abea241adbd93b7913a42950/work/d3/341c06553542059f268391f799ce4c/versions.yml"
                ]
            }
        ],
        "meta": {
            "nf-test": "0.9.2",
            "nextflow": "25.04.4"
        },
        "timestamp": "2025-07-22T13:12:33.85866651"
    },
    "CellRanger arc v1.0.0 - CellBender v0.3": {
        "content": [
            {
                "0": [
                    [
                        {
                            "id": "cellranger-arc"
                        },
                        "/lustre/scratch127/cellgen/cellgeni/aljes/nf-cellbender/.nf-test/tests/207fc0e6a921bd527f3f1cce0cc9cd09/work/b8/a727d629a7e9096f436ebb078d193d/cellranger-arc"
                    ]
                ],
                "1": [
                    "/lustre/scratch127/cellgen/cellgeni/aljes/nf-cellbender/.nf-test/tests/207fc0e6a921bd527f3f1cce0cc9cd09/work/b8/a727d629a7e9096f436ebb078d193d/versions.yml"
                ],
                "outputdir": [
                    [
                        {
                            "id": "cellranger-arc"
                        },
                        "/lustre/scratch127/cellgen/cellgeni/aljes/nf-cellbender/.nf-test/tests/207fc0e6a921bd527f3f1cce0cc9cd09/work/b8/a727d629a7e9096f436ebb078d193d/cellranger-arc"
                    ]
                ],
                "versions": [
                    "/lustre/scratch127/cellgen/cellgeni/aljes/nf-cellbender/.nf-test/tests/207fc0e6a921bd527f3f1cce0cc9cd09/work/b8/a727d629a7e9096f436ebb078d193d/versions.yml"
                ]
            }
        ],
        "meta": {
            "nf-test": "0.9.2",
            "nextflow": "25.04.4"
        },
        "timestamp": "2025-07-22T13:39:24.055961619"
    },
    "CellRanger count v3.0.0 - output files in ungzipped format - CellBender v0.2": {
        "content": [
            {
                "0": [
                    [
                        {
                            "id": "cellranger-count-nogz"
                        },
                        "/lustre/scratch127/cellgen/cellgeni/aljes/nf-cellbender/.nf-test/tests/adbecb20d8e3e7e805664254137b289e/work/ee/8d340d6aec3653e1fc6f34a8bcf371/cellranger-count-nogz"
                    ]
                ],
                "1": [
                    "/lustre/scratch127/cellgen/cellgeni/aljes/nf-cellbender/.nf-test/tests/adbecb20d8e3e7e805664254137b289e/work/ee/8d340d6aec3653e1fc6f34a8bcf371/versions.yml"
                ],
                "outputdir": [
                    [
                        {
                            "id": "cellranger-count-nogz"
                        },
                        "/lustre/scratch127/cellgen/cellgeni/aljes/nf-cellbender/.nf-test/tests/adbecb20d8e3e7e805664254137b289e/work/ee/8d340d6aec3653e1fc6f34a8bcf371/cellranger-count-nogz"
                    ]
                ],
                "versions": [
                    "/lustre/scratch127/cellgen/cellgeni/aljes/nf-cellbender/.nf-test/tests/adbecb20d8e3e7e805664254137b289e/work/ee/8d340d6aec3653e1fc6f34a8bcf371/versions.yml"
                ]
            }
        ],
        "meta": {
            "nf-test": "0.9.2",
            "nextflow": "25.04.4"
        },
        "timestamp": "2025-07-22T13:05:12.666522354"
    },
    "CellRanger multi v6.0.0 - sample multiplexing - CellBender v0.2": {
        "content": [
            {
                "0": [
                    [
                        {
                            "id": "sample-multiplexing"
                        },
                        "/lustre/scratch127/cellgen/cellgeni/aljes/nf-cellbender/.nf-test/tests/9e8aba604e741c96c612280b6b38c6fa/work/f2/232ba0f48b5e004d359dcc99d94c47/sample-multiplexing"
                    ]
                ],
                "1": [
                    "/lustre/scratch127/cellgen/cellgeni/aljes/nf-cellbender/.nf-test/tests/9e8aba604e741c96c612280b6b38c6fa/work/f2/232ba0f48b5e004d359dcc99d94c47/versions.yml"
                ],
                "outputdir": [
                    [
                        {
                            "id": "sample-multiplexing"
                        },
                        "/lustre/scratch127/cellgen/cellgeni/aljes/nf-cellbender/.nf-test/tests/9e8aba604e741c96c612280b6b38c6fa/work/f2/232ba0f48b5e004d359dcc99d94c47/sample-multiplexing"
                    ]
                ],
                "versions": [
                    "/lustre/scratch127/cellgen/cellgeni/aljes/nf-cellbender/.nf-test/tests/9e8aba604e741c96c612280b6b38c6fa/work/f2/232ba0f48b5e004d359dcc99d94c47/versions.yml"
                ]
            }
        ],
        "meta": {
            "nf-test": "0.9.2",
            "nextflow": "25.04.4"
        },
        "timestamp": "2025-07-22T13:56:09.020293292"
    },
    "CellRanger arc v1.0.0 - CellBender v0.2": {
        "content": [
            {
                "0": [
                    [
                        {
                            "id": "cellranger-arc"
                        },
                        "/lustre/scratch127/cellgen/cellgeni/aljes/nf-cellbender/.nf-test/tests/6475caef1a010d4e325233d38c5fada2/work/14/3d197ccc70f08fb0da7859ba55bc45/cellranger-arc"
                    ]
                ],
                "1": [
                    "/lustre/scratch127/cellgen/cellgeni/aljes/nf-cellbender/.nf-test/tests/6475caef1a010d4e325233d38c5fada2/work/14/3d197ccc70f08fb0da7859ba55bc45/versions.yml"
                ],
                "outputdir": [
                    [
                        {
                            "id": "cellranger-arc"
                        },
                        "/lustre/scratch127/cellgen/cellgeni/aljes/nf-cellbender/.nf-test/tests/6475caef1a010d4e325233d38c5fada2/work/14/3d197ccc70f08fb0da7859ba55bc45/cellranger-arc"
                    ]
                ],
                "versions": [
                    "/lustre/scratch127/cellgen/cellgeni/aljes/nf-cellbender/.nf-test/tests/6475caef1a010d4e325233d38c5fada2/work/14/3d197ccc70f08fb0da7859ba55bc45/versions.yml"
                ]
            }
        ],
        "meta": {
            "nf-test": "0.9.2",
            "nextflow": "25.04.4"
        },
        "timestamp": "2025-07-22T14:02:31.413328482"
    },
    "CellRanger count v3.0.0 - output files in ungzipped format - CellBender v0.3": {
        "content": [
            {
                "0": [
                    [
                        {
                            "id": "cellranger-count-nogz"
                        },
                        "/lustre/scratch127/cellgen/cellgeni/aljes/nf-cellbender/.nf-test/tests/6717b769cdf679da0c8a43b46c92fa73/work/9f/1dfaec0404fa172ce66f63b468bc97/cellranger-count-nogz"
                    ]
                ],
                "1": [
                    "/lustre/scratch127/cellgen/cellgeni/aljes/nf-cellbender/.nf-test/tests/6717b769cdf679da0c8a43b46c92fa73/work/9f/1dfaec0404fa172ce66f63b468bc97/versions.yml"
                ],
                "outputdir": [
                    [
                        {
                            "id": "cellranger-count-nogz"
                        },
                        "/lustre/scratch127/cellgen/cellgeni/aljes/nf-cellbender/.nf-test/tests/6717b769cdf679da0c8a43b46c92fa73/work/9f/1dfaec0404fa172ce66f63b468bc97/cellranger-count-nogz"
                    ]
                ],
                "versions": [
                    "/lustre/scratch127/cellgen/cellgeni/aljes/nf-cellbender/.nf-test/tests/6717b769cdf679da0c8a43b46c92fa73/work/9f/1dfaec0404fa172ce66f63b468bc97/versions.yml"
                ]
            }
        ],
        "meta": {
            "nf-test": "0.9.2",
            "nextflow": "25.04.4"
        },
        "timestamp": "2025-07-22T13:27:17.629222035"
    },
    "CellRanger multi v6.0.0 - sample multiplexing - CellBender v0.3": {
        "content": [
            {
                "0": [
                    [
                        {
                            "id": "sample-multiplexing"
                        },
                        "/lustre/scratch127/cellgen/cellgeni/aljes/nf-cellbender/.nf-test/tests/ca46292fe7c24b2cb80028d42c4d528f/work/75/add1d8b2b8a3f4860844091f061196/sample-multiplexing"
                    ]
                ],
                "1": [
                    "/lustre/scratch127/cellgen/cellgeni/aljes/nf-cellbender/.nf-test/tests/ca46292fe7c24b2cb80028d42c4d528f/work/75/add1d8b2b8a3f4860844091f061196/versions.yml"
                ],
                "outputdir": [
                    [
                        {
                            "id": "sample-multiplexing"
                        },
                        "/lustre/scratch127/cellgen/cellgeni/aljes/nf-cellbender/.nf-test/tests/ca46292fe7c24b2cb80028d42c4d528f/work/75/add1d8b2b8a3f4860844091f061196/sample-multiplexing"
                    ]
                ],
                "versions": [
                    "/lustre/scratch127/cellgen/cellgeni/aljes/nf-cellbender/.nf-test/tests/ca46292fe7c24b2cb80028d42c4d528f/work/75/add1d8b2b8a3f4860844091f061196/versions.yml"
                ]
            }
        ],
        "meta": {
            "nf-test": "0.9.2",
            "nextflow": "25.04.4"
        },
        "timestamp": "2025-07-22T14:07:55.243505318"
    },
    "CellRanger multi v7.1.0 - multiplex flex - CellBender v0.3": {
        "content": [
            {
                "0": [
                    [
                        {
                            "id": "multiplex-flex"
                        },
                        "/lustre/scratch127/cellgen/cellgeni/aljes/nf-cellbender/.nf-test/tests/f92a6ac477e0d9cc94dafebc496e41fe/work/3d/d0ecc274cbe2d60bf818cb294020c8/multiplex-flex"
                    ]
                ],
                "1": [
                    "/lustre/scratch127/cellgen/cellgeni/aljes/nf-cellbender/.nf-test/tests/f92a6ac477e0d9cc94dafebc496e41fe/work/3d/d0ecc274cbe2d60bf818cb294020c8/versions.yml"
                ],
                "outputdir": [
                    [
                        {
                            "id": "multiplex-flex"
                        },
                        "/lustre/scratch127/cellgen/cellgeni/aljes/nf-cellbender/.nf-test/tests/f92a6ac477e0d9cc94dafebc496e41fe/work/3d/d0ecc274cbe2d60bf818cb294020c8/multiplex-flex"
                    ]
                ],
                "versions": [
                    "/lustre/scratch127/cellgen/cellgeni/aljes/nf-cellbender/.nf-test/tests/f92a6ac477e0d9cc94dafebc496e41fe/work/3d/d0ecc274cbe2d60bf818cb294020c8/versions.yml"
                ]
            }
        ],
        "meta": {
            "nf-test": "0.9.2",
            "nextflow": "25.04.4"
        },
        "timestamp": "2025-07-22T13:55:50.48754569"
    },
    "CellRanger count v3.0.0 - CellRanger's preset + mannual preset - CellBender v0.3": {
        "content": [
            {
                "0": [
                    [
                        {
                            "id": "cellranger-count"
                        },
                        "/lustre/scratch127/cellgen/cellgeni/aljes/nf-cellbender/.nf-test/tests/a602dae72bcc16bbbf23f0b4b8580d4f/work/40/17eafe3f8be7228341b610833d303b/cellranger-count"
                    ]
                ],
                "1": [
                    "/lustre/scratch127/cellgen/cellgeni/aljes/nf-cellbender/.nf-test/tests/a602dae72bcc16bbbf23f0b4b8580d4f/work/40/17eafe3f8be7228341b610833d303b/versions.yml"
                ],
                "outputdir": [
                    [
                        {
                            "id": "cellranger-count"
                        },
                        "/lustre/scratch127/cellgen/cellgeni/aljes/nf-cellbender/.nf-test/tests/a602dae72bcc16bbbf23f0b4b8580d4f/work/40/17eafe3f8be7228341b610833d303b/cellranger-count"
                    ]
                ],
                "versions": [
                    "/lustre/scratch127/cellgen/cellgeni/aljes/nf-cellbender/.nf-test/tests/a602dae72bcc16bbbf23f0b4b8580d4f/work/40/17eafe3f8be7228341b610833d303b/versions.yml"
                ]
            }
        ],
        "meta": {
            "nf-test": "0.9.2",
            "nextflow": "25.04.4"
        },
        "timestamp": "2025-07-22T13:07:23.362613069"
    },
    "CellRanger multi v7.1.0 - multiplex flex - CellBender v0.2": {
        "content": [
            {
                "0": [
                    [
                        {
                            "id": "multiplex-flex"
                        },
                        "/lustre/scratch127/cellgen/cellgeni/aljes/nf-cellbender/.nf-test/tests/6642c93d626759c1db496f619e021e6f/work/84/a63c37aed1f82def364a4ac584e36c/multiplex-flex"
                    ]
                ],
                "1": [
                    "/lustre/scratch127/cellgen/cellgeni/aljes/nf-cellbender/.nf-test/tests/6642c93d626759c1db496f619e021e6f/work/84/a63c37aed1f82def364a4ac584e36c/versions.yml"
                ],
                "outputdir": [
                    [
                        {
                            "id": "multiplex-flex"
                        },
                        "/lustre/scratch127/cellgen/cellgeni/aljes/nf-cellbender/.nf-test/tests/6642c93d626759c1db496f619e021e6f/work/84/a63c37aed1f82def364a4ac584e36c/multiplex-flex"
                    ]
                ],
                "versions": [
                    "/lustre/scratch127/cellgen/cellgeni/aljes/nf-cellbender/.nf-test/tests/6642c93d626759c1db496f619e021e6f/work/84/a63c37aed1f82def364a4ac584e36c/versions.yml"
                ]
            }
        ],
        "meta": {
            "nf-test": "0.9.2",
            "nextflow": "25.04.4"
        },
        "timestamp": "2025-07-22T13:14:20.847014075"
    },
    "CellRanger count v3.0.0 - CellBender v0.3": {
        "content": [
            {
                "0": [
                    [
                        {
                            "id": "cellranger-count"
                        },
                        "/lustre/scratch127/cellgen/cellgeni/aljes/nf-cellbender/.nf-test/tests/7e123fad1e9bf95a8c91087c013233ae/work/03/1201fb452cf810832e25bd67e97ef9/cellranger-count"
                    ]
                ],
                "1": [
                    "/lustre/scratch127/cellgen/cellgeni/aljes/nf-cellbender/.nf-test/tests/7e123fad1e9bf95a8c91087c013233ae/work/03/1201fb452cf810832e25bd67e97ef9/versions.yml"
                ],
                "outputdir": [
                    [
                        {
                            "id": "cellranger-count"
                        },
                        "/lustre/scratch127/cellgen/cellgeni/aljes/nf-cellbender/.nf-test/tests/7e123fad1e9bf95a8c91087c013233ae/work/03/1201fb452cf810832e25bd67e97ef9/cellranger-count"
                    ]
                ],
                "versions": [
                    "/lustre/scratch127/cellgen/cellgeni/aljes/nf-cellbender/.nf-test/tests/7e123fad1e9bf95a8c91087c013233ae/work/03/1201fb452cf810832e25bd67e97ef9/versions.yml"
                ]
            }
        ],
        "meta": {
            "nf-test": "0.9.2",
            "nextflow": "25.04.4"
        },
        "timestamp": "2025-07-22T13:27:24.309818108"
    },
    "CellRanger count v3.0.0 - CellBender v0.2": {
        "content": [
            {
                "0": [
                    [
                        {
                            "id": "cellranger-count"
                        },
                        "/lustre/scratch127/cellgen/cellgeni/aljes/nf-cellbender/.nf-test/tests/1a08d8573b2e324c4d3c32f4a3862273/work/82/b53197dc0c61179f296f1e72282704/cellranger-count"
                    ]
                ],
                "1": [
                    "/lustre/scratch127/cellgen/cellgeni/aljes/nf-cellbender/.nf-test/tests/1a08d8573b2e324c4d3c32f4a3862273/work/82/b53197dc0c61179f296f1e72282704/versions.yml"
                ],
                "outputdir": [
                    [
                        {
                            "id": "cellranger-count"
                        },
                        "/lustre/scratch127/cellgen/cellgeni/aljes/nf-cellbender/.nf-test/tests/1a08d8573b2e324c4d3c32f4a3862273/work/82/b53197dc0c61179f296f1e72282704/cellranger-count"
                    ]
                ],
                "versions": [
                    "/lustre/scratch127/cellgen/cellgeni/aljes/nf-cellbender/.nf-test/tests/1a08d8573b2e324c4d3c32f4a3862273/work/82/b53197dc0c61179f296f1e72282704/versions.yml"
                ]
            }
        ],
        "meta": {
            "nf-test": "0.9.2",
            "nextflow": "25.04.4"
        },
        "timestamp": "2025-07-22T13:10:06.688049274"
    },
    "CellRanger count v3.0.0 - not outs directory - CellBender v0.3": {
        "content": [
            {
                "0": [
                    [
                        {
                            "id": "cellranger-count"
                        },
                        "/lustre/scratch127/cellgen/cellgeni/aljes/nf-cellbender/.nf-test/tests/802b578f68ffacb0e89f589cd3b423fe/work/53/7f5025ab9d9b4630062dcdb87a85f3/cellranger-count"
                    ]
                ],
                "1": [
                    "/lustre/scratch127/cellgen/cellgeni/aljes/nf-cellbender/.nf-test/tests/802b578f68ffacb0e89f589cd3b423fe/work/53/7f5025ab9d9b4630062dcdb87a85f3/versions.yml"
                ],
                "outputdir": [
                    [
                        {
                            "id": "cellranger-count"
                        },
                        "/lustre/scratch127/cellgen/cellgeni/aljes/nf-cellbender/.nf-test/tests/802b578f68ffacb0e89f589cd3b423fe/work/53/7f5025ab9d9b4630062dcdb87a85f3/cellranger-count"
                    ]
                ],
                "versions": [
                    "/lustre/scratch127/cellgen/cellgeni/aljes/nf-cellbender/.nf-test/tests/802b578f68ffacb0e89f589cd3b423fe/work/53/7f5025ab9d9b4630062dcdb87a85f3/versions.yml"
                ]
            }
        ],
        "meta": {
            "nf-test": "0.9.2",
            "nextflow": "25.04.4"
        },
        "timestamp": "2025-07-22T13:27:21.364634573"
    },
    "CellRanger count v3.0.0 - not outs directory - CellBender v0.2": {
        "content": [
            {
                "0": [
                    [
                        {
                            "id": "cellranger-count"
                        },
                        "/lustre/scratch127/cellgen/cellgeni/aljes/nf-cellbender/.nf-test/tests/26a4b8014371cb3866bae3f82a12f395/work/d7/975ee2eddb2163f946f2052f0c4c61/cellranger-count"
                    ]
                ],
                "1": [
                    "/lustre/scratch127/cellgen/cellgeni/aljes/nf-cellbender/.nf-test/tests/26a4b8014371cb3866bae3f82a12f395/work/d7/975ee2eddb2163f946f2052f0c4c61/versions.yml"
                ],
                "outputdir": [
                    [
                        {
                            "id": "cellranger-count"
                        },
                        "/lustre/scratch127/cellgen/cellgeni/aljes/nf-cellbender/.nf-test/tests/26a4b8014371cb3866bae3f82a12f395/work/d7/975ee2eddb2163f946f2052f0c4c61/cellranger-count"
                    ]
                ],
                "versions": [
                    "/lustre/scratch127/cellgen/cellgeni/aljes/nf-cellbender/.nf-test/tests/26a4b8014371cb3866bae3f82a12f395/work/d7/975ee2eddb2163f946f2052f0c4c61/versions.yml"
                ]
            }
        ],
        "meta": {
            "nf-test": "0.9.2",
            "nextflow": "25.04.4"
        },
        "timestamp": "2025-07-22T13:13:08.383116759"
    },
    "STARsolo - CellBender v0.3": {
        "content": [
            {
                "0": [
                    [
                        {
                            "id": "starsolo"
                        },
                        "/lustre/scratch127/cellgen/cellgeni/aljes/nf-cellbender/.nf-test/tests/647ddb9550ca53c3056f3b4b94886084/work/a2/d1631f505096522897a458868d7811/starsolo"
                    ]
                ],
                "1": [
                    "/lustre/scratch127/cellgen/cellgeni/aljes/nf-cellbender/.nf-test/tests/647ddb9550ca53c3056f3b4b94886084/work/a2/d1631f505096522897a458868d7811/versions.yml"
                ],
                "outputdir": [
                    [
                        {
                            "id": "starsolo"
                        },
                        "/lustre/scratch127/cellgen/cellgeni/aljes/nf-cellbender/.nf-test/tests/647ddb9550ca53c3056f3b4b94886084/work/a2/d1631f505096522897a458868d7811/starsolo"
                    ]
                ],
                "versions": [
                    "/lustre/scratch127/cellgen/cellgeni/aljes/nf-cellbender/.nf-test/tests/647ddb9550ca53c3056f3b4b94886084/work/a2/d1631f505096522897a458868d7811/versions.yml"
                ]
            }
        ],
        "meta": {
            "nf-test": "0.9.2",
            "nextflow": "25.04.4"
        },
        "timestamp": "2025-07-22T13:08:34.282962177"
    },
    "STARsolo - CellBender v0.2": {
        "content": [
            {
                "0": [
                    [
                        {
                            "id": "starsolo"
                        },
                        "/lustre/scratch127/cellgen/cellgeni/aljes/nf-cellbender/.nf-test/tests/3cd12d61f050657b5e32b248ff444bd0/work/a2/79805926dda1734dbeacf67f7221af/starsolo"
                    ]
                ],
                "1": [
                    "/lustre/scratch127/cellgen/cellgeni/aljes/nf-cellbender/.nf-test/tests/3cd12d61f050657b5e32b248ff444bd0/work/a2/79805926dda1734dbeacf67f7221af/versions.yml"
                ],
                "outputdir": [
                    [
                        {
                            "id": "starsolo"
                        },
                        "/lustre/scratch127/cellgen/cellgeni/aljes/nf-cellbender/.nf-test/tests/3cd12d61f050657b5e32b248ff444bd0/work/a2/79805926dda1734dbeacf67f7221af/starsolo"
                    ]
                ],
                "versions": [
                    "/lustre/scratch127/cellgen/cellgeni/aljes/nf-cellbender/.nf-test/tests/3cd12d61f050657b5e32b248ff444bd0/work/a2/79805926dda1734dbeacf67f7221af/versions.yml"
                ]
            }
        ],
        "meta": {
            "nf-test": "0.9.2",
            "nextflow": "25.04.4"
        },
        "timestamp": "2025-07-22T13:15:01.905149237"
    },
    "CellRanger multi v6.0.0 - singleplex crispr - CellBender v0.3": {
        "content": [
            {
                "0": [
                    [
                        {
                            "id": "singleplex-crispr"
                        },
                        "/lustre/scratch127/cellgen/cellgeni/aljes/nf-cellbender/.nf-test/tests/f27309550bbd7a9f5ec0487efbf1fc06/work/9d/dd5fe79d55baa7e3a069f807fc41ee/singleplex-crispr"
                    ]
                ],
                "1": [
                    "/lustre/scratch127/cellgen/cellgeni/aljes/nf-cellbender/.nf-test/tests/f27309550bbd7a9f5ec0487efbf1fc06/work/9d/dd5fe79d55baa7e3a069f807fc41ee/versions.yml"
                ],
                "outputdir": [
                    [
                        {
                            "id": "singleplex-crispr"
                        },
                        "/lustre/scratch127/cellgen/cellgeni/aljes/nf-cellbender/.nf-test/tests/f27309550bbd7a9f5ec0487efbf1fc06/work/9d/dd5fe79d55baa7e3a069f807fc41ee/singleplex-crispr"
                    ]
                ],
                "versions": [
                    "/lustre/scratch127/cellgen/cellgeni/aljes/nf-cellbender/.nf-test/tests/f27309550bbd7a9f5ec0487efbf1fc06/work/9d/dd5fe79d55baa7e3a069f807fc41ee/versions.yml"
                ]
            }
        ],
        "meta": {
            "nf-test": "0.9.2",
            "nextflow": "25.04.4"
        },
        "timestamp": "2025-07-22T13:26:01.156537993"
    },
    "CellRanger multi v6.0.0 - singleplex crispr - CellBender v0.2": {
        "content": [
            {
                "0": [
                    [
                        {
                            "id": "singleplex-crispr"
                        },
                        "/lustre/scratch127/cellgen/cellgeni/aljes/nf-cellbender/.nf-test/tests/4205923a79ba6d764ad68144f243b755/work/81/aade4c0eae2b9b425a0e0a538cc3d3/singleplex-crispr"
                    ]
                ],
                "1": [
                    "/lustre/scratch127/cellgen/cellgeni/aljes/nf-cellbender/.nf-test/tests/4205923a79ba6d764ad68144f243b755/work/81/aade4c0eae2b9b425a0e0a538cc3d3/versions.yml"
                ],
                "outputdir": [
                    [
                        {
                            "id": "singleplex-crispr"
                        },
                        "/lustre/scratch127/cellgen/cellgeni/aljes/nf-cellbender/.nf-test/tests/4205923a79ba6d764ad68144f243b755/work/81/aade4c0eae2b9b425a0e0a538cc3d3/singleplex-crispr"
                    ]
                ],
                "versions": [
                    "/lustre/scratch127/cellgen/cellgeni/aljes/nf-cellbender/.nf-test/tests/4205923a79ba6d764ad68144f243b755/work/81/aade4c0eae2b9b425a0e0a538cc3d3/versions.yml"
                ]
            }
        ],
        "meta": {
            "nf-test": "0.9.2",
            "nextflow": "25.04.4"
        },
        "timestamp": "2025-07-22T13:51:26.980722482"
    }
}