{
    "CellRanger count v3.0.0 - Ignore .html": {
        "content": [
            {
                "0": [
                    [
                        {
                            "id": "cellranger-count"
                        },
                        [
                            "README.md:md5,d389b801875098839a2102d52cdb2fd1",
                            [
                                [
                                    [
                                        [
                                            "clusters.csv:md5,e3b4b039e0b457f0e31459966f5833d8"
                                        ],
                                        [
                                            "clusters.csv:md5,75f1544a6422726d9d6b726d5a6443af"
                                        ],
                                        [
                                            "clusters.csv:md5,3089a5a72b811c5c15a0a800aa989458"
                                        ],
                                        [
                                            "clusters.csv:md5,db0f3bb4bd5876b6e6a64617c7fd193d"
                                        ],
                                        [
                                            "clusters.csv:md5,7418477c1abad5a7e403f7c5c08dd9a1"
                                        ],
                                        [
                                            "clusters.csv:md5,995ba7ce977768f13cb72a0eba45d823"
                                        ],
                                        [
                                            "clusters.csv:md5,54c416e01ee0256d72e7ede8bd0cd171"
                                        ],
                                        [
                                            "clusters.csv:md5,a4b93beb600359298e194d4e91561848"
                                        ],
                                        [
                                            "clusters.csv:md5,381da48f9073319a4e31baf6d1e62ccc"
                                        ],
                                        [
                                            "clusters.csv:md5,829df95d44236c957327980fbbdc57c9"
                                        ]
                                    ],
                                    [
                                        [
                                            "differential_expression.csv:md5,39a390b810669b31244c01dfc55ef90c"
                                        ],
                                        [
                                            "differential_expression.csv:md5,abfbb07909c15875c1c4de1efadcdba8"
                                        ],
                                        [
                                            "differential_expression.csv:md5,7aa0f29319ef6266b6a4364183786adb"
                                        ],
                                        [
                                            "differential_expression.csv:md5,b4681fb318711258cf1a56e3dc3067c1"
                                        ],
                                        [
                                            "differential_expression.csv:md5,7f9f30ce52a07d181dc2a17470f6190d"
                                        ],
                                        [
                                            "differential_expression.csv:md5,edfa8f1a8f251daf44bed67a6e13f0c7"
                                        ],
                                        [
                                            "differential_expression.csv:md5,6f42b265f3f0870ba6afc11198dd4155"
                                        ],
                                        [
                                            "differential_expression.csv:md5,4d173d81c6d2f00b665d7d683f927355"
                                        ],
                                        [
                                            "differential_expression.csv:md5,28c9ce4ff33aa93647f653f73602e858"
                                        ],
                                        [
                                            "differential_expression.csv:md5,32e53dd301f816244b867e178a40caa9"
                                        ]
                                    ],
                                    [
                                        [
                                            "components.csv:md5,e6b753197d0d6c2857c9c035ee8fe299",
                                            "dispersion.csv:md5,38bee4fbd768b85ef6ca5e257ab5eae2",
                                            "features_selected.csv:md5,018b12fb9bc937c18a6c9cabbcaa97c4",
                                            "projection.csv:md5,c58bd88a5f64beb722f4925c60af3c05",
                                            "variance.csv:md5,a88ab7ba2ca5967cb2be3e365a2e6c3d"
                                        ]
                                    ],
                                    [
                                        [
                                            "projection.csv:md5,3b6ea00f8471e3dd2c938bb85278f10f"
                                        ]
                                    ]
                                ],
                                [
                                    "barcodes.tsv.gz:md5,769411bff7c1602e485c366d6cf60e08",
                                    "features.tsv.gz:md5,6010c970f5df1e21e388c916cd6c36e9",
                                    "matrix.mtx.gz:md5,c413342058180d89fb7b673165aea47d"
                                ],
                                "filtered_feature_bc_matrix.h5:md5,e71bfb7c654ff5affd17811ba8491b5e",
                                "metrics_summary.csv:md5,f88f293035a9c919045281436379e197",
                                "molecule_info.h5:md5,8d84beaec927a0460ac5554740ad09c0",
                                [
                                    "barcodes.tsv.gz:md5,bf994f994561412303520a2fb3ac87f8",
                                    "features.tsv.gz:md5,6010c970f5df1e21e388c916cd6c36e9",
                                    "matrix.mtx.gz:md5,d244ac01898dd9c1d360c8bdbbe572c9"
                                ],
                                "raw_feature_bc_matrix.h5:md5,1b8b788e38c9184d237a8d697f729a91"
                            ]
                        ]
                    ]
                ],
                "1": [
                    "versions.yml:md5,33e22aab5fefa8eb55a616ed6890faa7"
                ],
                "catalog": [
                    [
                        {
                            "id": "cellranger-count"
                        },
                        [
                            "README.md:md5,d389b801875098839a2102d52cdb2fd1",
                            [
                                [
                                    [
                                        [
                                            "clusters.csv:md5,e3b4b039e0b457f0e31459966f5833d8"
                                        ],
                                        [
                                            "clusters.csv:md5,75f1544a6422726d9d6b726d5a6443af"
                                        ],
                                        [
                                            "clusters.csv:md5,3089a5a72b811c5c15a0a800aa989458"
                                        ],
                                        [
                                            "clusters.csv:md5,db0f3bb4bd5876b6e6a64617c7fd193d"
                                        ],
                                        [
                                            "clusters.csv:md5,7418477c1abad5a7e403f7c5c08dd9a1"
                                        ],
                                        [
                                            "clusters.csv:md5,995ba7ce977768f13cb72a0eba45d823"
                                        ],
                                        [
                                            "clusters.csv:md5,54c416e01ee0256d72e7ede8bd0cd171"
                                        ],
                                        [
                                            "clusters.csv:md5,a4b93beb600359298e194d4e91561848"
                                        ],
                                        [
                                            "clusters.csv:md5,381da48f9073319a4e31baf6d1e62ccc"
                                        ],
                                        [
                                            "clusters.csv:md5,829df95d44236c957327980fbbdc57c9"
                                        ]
                                    ],
                                    [
                                        [
                                            "differential_expression.csv:md5,39a390b810669b31244c01dfc55ef90c"
                                        ],
                                        [
                                            "differential_expression.csv:md5,abfbb07909c15875c1c4de1efadcdba8"
                                        ],
                                        [
                                            "differential_expression.csv:md5,7aa0f29319ef6266b6a4364183786adb"
                                        ],
                                        [
                                            "differential_expression.csv:md5,b4681fb318711258cf1a56e3dc3067c1"
                                        ],
                                        [
                                            "differential_expression.csv:md5,7f9f30ce52a07d181dc2a17470f6190d"
                                        ],
                                        [
                                            "differential_expression.csv:md5,edfa8f1a8f251daf44bed67a6e13f0c7"
                                        ],
                                        [
                                            "differential_expression.csv:md5,6f42b265f3f0870ba6afc11198dd4155"
                                        ],
                                        [
                                            "differential_expression.csv:md5,4d173d81c6d2f00b665d7d683f927355"
                                        ],
                                        [
                                            "differential_expression.csv:md5,28c9ce4ff33aa93647f653f73602e858"
                                        ],
                                        [
                                            "differential_expression.csv:md5,32e53dd301f816244b867e178a40caa9"
                                        ]
                                    ],
                                    [
                                        [
                                            "components.csv:md5,e6b753197d0d6c2857c9c035ee8fe299",
                                            "dispersion.csv:md5,38bee4fbd768b85ef6ca5e257ab5eae2",
                                            "features_selected.csv:md5,018b12fb9bc937c18a6c9cabbcaa97c4",
                                            "projection.csv:md5,c58bd88a5f64beb722f4925c60af3c05",
                                            "variance.csv:md5,a88ab7ba2ca5967cb2be3e365a2e6c3d"
                                        ]
                                    ],
                                    [
                                        [
                                            "projection.csv:md5,3b6ea00f8471e3dd2c938bb85278f10f"
                                        ]
                                    ]
                                ],
                                [
                                    "barcodes.tsv.gz:md5,769411bff7c1602e485c366d6cf60e08",
                                    "features.tsv.gz:md5,6010c970f5df1e21e388c916cd6c36e9",
                                    "matrix.mtx.gz:md5,c413342058180d89fb7b673165aea47d"
                                ],
                                "filtered_feature_bc_matrix.h5:md5,e71bfb7c654ff5affd17811ba8491b5e",
                                "metrics_summary.csv:md5,f88f293035a9c919045281436379e197",
                                "molecule_info.h5:md5,8d84beaec927a0460ac5554740ad09c0",
                                [
                                    "barcodes.tsv.gz:md5,bf994f994561412303520a2fb3ac87f8",
                                    "features.tsv.gz:md5,6010c970f5df1e21e388c916cd6c36e9",
                                    "matrix.mtx.gz:md5,d244ac01898dd9c1d360c8bdbbe572c9"
                                ],
                                "raw_feature_bc_matrix.h5:md5,1b8b788e38c9184d237a8d697f729a91"
                            ]
                        ]
                    ]
                ],
                "versions": [
                    "versions.yml:md5,33e22aab5fefa8eb55a616ed6890faa7"
                ]
            }
        ],
        "meta": {
            "nf-test": "0.9.2",
            "nextflow": "25.04.4"
        },
        "timestamp": "2025-07-22T16:51:39.522439415"
    }
}